# G1

用了G1，就不需要在指定新生代和老年代的的大小或比例关系了

大对象：对象大小超过一个Region容量一半的对象

* **-XX:+UseG1GC**
* **-XX:G1HeapRegionSize=2M**：一个Region的大小
* **-XX:MaxGCPauseMillis=80**：允许收集停顿的最大时常（毫秒）

```log
2020-11-23T11:40:46.167+0800: 1.503: [GC pause (G1 Evacuation Pause) (young), 0.0048336 secs]
   // 下面的Min,Avg,Max,Diff,Sum分别表示GC线程最小启动或耗时时间（后面的也是），平均，最大，最大差值，和总耗时，单位都为ms
   [Parallel Time: 3.1 ms, GC Workers: 6] // 本次YGC共6个GC线程，总耗时3.1ms
      [GC Worker Start (ms): Min: 1503.0, Avg: 1504.5, Max: 1506.1, Diff: 3.0] // 本次GC线程启动（相对于JVM的启动）
      [Ext Root Scanning (ms): Min: 0.0, Avg: 0.2, Max: 0.7, Diff: 0.7, Sum: 1.1] // 本次GC线程的Root集合扫描时间
      [Update RS (ms): Min: 0.0, Avg: 0.0, Max: 0.0, Diff: 0.0, Sum: 0.0] // 更新Remember Sets 的耗时统计信息（记忆集一般使用来解决跨Region的引用）
         [Processed Buffers: Min: 0, Avg: 0.0, Max: 0, Diff: 0, Sum: 0]
      [Scan RS (ms): Min: 0.0, Avg: 0.0, Max: 0.0, Diff: 0.0, Sum: 0.0] // 每个Region都会有一个RSet，RSet又包含指向这个Region的Cards引用，这个阶段就是扫描RSet中的Cards，从而分辨出Eden哪些对象被老年代引用，从而这些不会被GC
      [Code Root Scanning (ms): Min: 0.0, Avg: 0.0, Max: 0.2, Diff: 0.2, Sum: 0.2] // 扫描代码中的root节点（局部变量）
      [Object Copy (ms): Min: 0.0, Avg: 1.3, Max: 2.7, Diff: 2.7, Sum: 7.6] // 对象copy，将存活的对象copy到目标Region中
      [Termination (ms): Min: 0.0, Avg: 0.0, Max: 0.1, Diff: 0.1, Sum: 0.3]
         [Termination Attempts: Min: 1, Avg: 1.2, Max: 2, Diff: 1, Sum: 7]
      [GC Worker Other (ms): Min: 0.0, Avg: 0.0, Max: 0.0, Diff: 0.0, Sum: 0.2] // GC线程完成其他任务的时间
      [GC Worker Total (ms): Min: 0.0, Avg: 1.6, Max: 3.1, Diff: 3.1, Sum: 9.4] // GC线程整个生命周期总计消耗时间
      [GC Worker End (ms): Min: 1506.1, Avg: 1506.1, Max: 1506.1, Diff: 0.0] // GC线程完成任务的停止时间（相对于JVM）
   [Code Root Fixup: 0.0 ms]
   [Code Root Purge: 0.0 ms]
   [Clear CT: 0.1 ms] // 清理Card Table（卡表）
   [Other: 1.6 ms]
      [Choose CSet: 0.0 ms] // 选择要回收的Region放入CSet（会根据停顿时间来决定）
      [Ref Proc: 1.4 ms] // 处理引用对象耗时时间（Weak、Soft、Phantom、JNI等等）
      [Ref Enq: 0.0 ms] // 遍历所有引用，将不能回收的放入pending列表
      [Redirty Cards: 0.0 ms] // 重置card为dirty
      // 大型对象的回收
      [Humongous Register: 0.0 ms] 
      [Humongous Reclaim: 0.0 ms]
      [Free CSet: 0.0 ms] // 释放CSet中Region占用的内存空间所耗时间
   [Eden: 51.0M(51.0M)->0.0B(46.0M) Survivors: 0.0B->5120.0K Heap: 51.0M(1024.0M)->4815.7K(1024.0M)]
 [Times: user=0.05 sys=0.00, real=0.01 secs] 
```

